// Jest Snapshot v1, https://goo.gl/fbAQLP

exports[`测试Form 我来打个酱油 1`] = `
initialize {
  "0": Object {
    "attribs": Object {},
    "children": Array [
      Object {
        "attribs": Object {
          "class": "i-form",
          "style": "display:flex;align-items:flex-end",
        },
        "children": Array [
          Object {
            "attribs": Object {
              "style": "flex:1",
            },
            "children": Array [
              Object {
                "attribs": Object {
                  "class": "i-form-item-wrap",
                  "style": "display:flex",
                },
                "children": Array [
                  Object {
                    "attribs": Object {
                      "rules": "[object Object]",
                      "style": "display:flex;align-items:center;flex-direction:row",
                    },
                    "children": Array [
                      Object {
                        "attribs": Object {
                          "style": "display:flex",
                        },
                        "children": Array [
                          Object {
                            "attribs": Object {
                              "class": "i-form-label false false",
                              "style": "width:auto;text-align:right",
                              "title": "姓名",
                            },
                            "children": Array [
                              Object {
                                "data": "姓名",
                                "next": null,
                                "parent": [Circular],
                                "prev": null,
                                "type": "text",
                              },
                            ],
                            "name": "label",
                            "namespace": "http://www.w3.org/1999/xhtml",
                            "next": null,
                            "parent": [Circular],
                            "prev": null,
                            "type": "tag",
                            "x-attribsNamespace": Object {
                              "class": undefined,
                              "style": undefined,
                              "title": undefined,
                            },
                            "x-attribsPrefix": Object {
                              "class": undefined,
                              "style": undefined,
                              "title": undefined,
                            },
                          },
                        ],
                        "name": "div",
                        "namespace": "http://www.w3.org/1999/xhtml",
                        "next": Object {
                          "attribs": Object {
                            "class": "i-form-item",
                          },
                          "children": Array [
                            Object {
                              "attribs": Object {
                                "class": "i-form-item ",
                              },
                              "children": Array [
                                Object {
                                  "attribs": Object {
                                    "class": "ant-input",
                                    "duplexer": "",
                                    "type": "text",
                                    "value": "",
                                  },
                                  "children": Array [],
                                  "name": "input",
                                  "namespace": "http://www.w3.org/1999/xhtml",
                                  "next": null,
                                  "parent": [Circular],
                                  "prev": null,
                                  "type": "tag",
                                  "x-attribsNamespace": Object {
                                    "class": undefined,
                                    "duplexer": undefined,
                                    "type": undefined,
                                    "value": undefined,
                                  },
                                  "x-attribsPrefix": Object {
                                    "class": undefined,
                                    "duplexer": undefined,
                                    "type": undefined,
                                    "value": undefined,
                                  },
                                },
                              ],
                              "name": "div",
                              "namespace": "http://www.w3.org/1999/xhtml",
                              "next": null,
                              "parent": [Circular],
                              "prev": null,
                              "type": "tag",
                              "x-attribsNamespace": Object {
                                "class": undefined,
                              },
                              "x-attribsPrefix": Object {
                                "class": undefined,
                              },
                            },
                          ],
                          "name": "div",
                          "namespace": "http://www.w3.org/1999/xhtml",
                          "next": null,
                          "parent": [Circular],
                          "prev": [Circular],
                          "type": "tag",
                          "x-attribsNamespace": Object {
                            "class": undefined,
                          },
                          "x-attribsPrefix": Object {
                            "class": undefined,
                          },
                        },
                        "parent": [Circular],
                        "prev": null,
                        "type": "tag",
                        "x-attribsNamespace": Object {
                          "style": undefined,
                        },
                        "x-attribsPrefix": Object {
                          "style": undefined,
                        },
                      },
                      Object {
                        "attribs": Object {
                          "class": "i-form-item",
                        },
                        "children": Array [
                          Object {
                            "attribs": Object {
                              "class": "i-form-item ",
                            },
                            "children": Array [
                              Object {
                                "attribs": Object {
                                  "class": "ant-input",
                                  "duplexer": "",
                                  "type": "text",
                                  "value": "",
                                },
                                "children": Array [],
                                "name": "input",
                                "namespace": "http://www.w3.org/1999/xhtml",
                                "next": null,
                                "parent": [Circular],
                                "prev": null,
                                "type": "tag",
                                "x-attribsNamespace": Object {
                                  "class": undefined,
                                  "duplexer": undefined,
                                  "type": undefined,
                                  "value": undefined,
                                },
                                "x-attribsPrefix": Object {
                                  "class": undefined,
                                  "duplexer": undefined,
                                  "type": undefined,
                                  "value": undefined,
                                },
                              },
                            ],
                            "name": "div",
                            "namespace": "http://www.w3.org/1999/xhtml",
                            "next": null,
                            "parent": [Circular],
                            "prev": null,
                            "type": "tag",
                            "x-attribsNamespace": Object {
                              "class": undefined,
                            },
                            "x-attribsPrefix": Object {
                              "class": undefined,
                            },
                          },
                        ],
                        "name": "div",
                        "namespace": "http://www.w3.org/1999/xhtml",
                        "next": null,
                        "parent": [Circular],
                        "prev": Object {
                          "attribs": Object {
                            "style": "display:flex",
                          },
                          "children": Array [
                            Object {
                              "attribs": Object {
                                "class": "i-form-label false false",
                                "style": "width:auto;text-align:right",
                                "title": "姓名",
                              },
                              "children": Array [
                                Object {
                                  "data": "姓名",
                                  "next": null,
                                  "parent": [Circular],
                                  "prev": null,
                                  "type": "text",
                                },
                              ],
                              "name": "label",
                              "namespace": "http://www.w3.org/1999/xhtml",
                              "next": null,
                              "parent": [Circular],
                              "prev": null,
                              "type": "tag",
                              "x-attribsNamespace": Object {
                                "class": undefined,
                                "style": undefined,
                                "title": undefined,
                              },
                              "x-attribsPrefix": Object {
                                "class": undefined,
                                "style": undefined,
                                "title": undefined,
                              },
                            },
                          ],
                          "name": "div",
                          "namespace": "http://www.w3.org/1999/xhtml",
                          "next": [Circular],
                          "parent": [Circular],
                          "prev": null,
                          "type": "tag",
                          "x-attribsNamespace": Object {
                            "style": undefined,
                          },
                          "x-attribsPrefix": Object {
                            "style": undefined,
                          },
                        },
                        "type": "tag",
                        "x-attribsNamespace": Object {
                          "class": undefined,
                        },
                        "x-attribsPrefix": Object {
                          "class": undefined,
                        },
                      },
                    ],
                    "name": "div",
                    "namespace": "http://www.w3.org/1999/xhtml",
                    "next": null,
                    "parent": [Circular],
                    "prev": null,
                    "type": "tag",
                    "x-attribsNamespace": Object {
                      "rules": undefined,
                      "style": undefined,
                    },
                    "x-attribsPrefix": Object {
                      "rules": undefined,
                      "style": undefined,
                    },
                  },
                ],
                "name": "div",
                "namespace": "http://www.w3.org/1999/xhtml",
                "next": null,
                "parent": [Circular],
                "prev": null,
                "type": "tag",
                "x-attribsNamespace": Object {
                  "class": undefined,
                  "style": undefined,
                },
                "x-attribsPrefix": Object {
                  "class": undefined,
                  "style": undefined,
                },
              },
            ],
            "name": "div",
            "namespace": "http://www.w3.org/1999/xhtml",
            "next": Object {
              "attribs": Object {
                "style": "display:flex;align-items:flex-end;justify-content:flex-start",
              },
              "children": Array [],
              "name": "div",
              "namespace": "http://www.w3.org/1999/xhtml",
              "next": null,
              "parent": [Circular],
              "prev": [Circular],
              "type": "tag",
              "x-attribsNamespace": Object {
                "style": undefined,
              },
              "x-attribsPrefix": Object {
                "style": undefined,
              },
            },
            "parent": [Circular],
            "prev": null,
            "type": "tag",
            "x-attribsNamespace": Object {
              "style": undefined,
            },
            "x-attribsPrefix": Object {
              "style": undefined,
            },
          },
          Object {
            "attribs": Object {
              "style": "display:flex;align-items:flex-end;justify-content:flex-start",
            },
            "children": Array [],
            "name": "div",
            "namespace": "http://www.w3.org/1999/xhtml",
            "next": null,
            "parent": [Circular],
            "prev": Object {
              "attribs": Object {
                "style": "flex:1",
              },
              "children": Array [
                Object {
                  "attribs": Object {
                    "class": "i-form-item-wrap",
                    "style": "display:flex",
                  },
                  "children": Array [
                    Object {
                      "attribs": Object {
                        "rules": "[object Object]",
                        "style": "display:flex;align-items:center;flex-direction:row",
                      },
                      "children": Array [
                        Object {
                          "attribs": Object {
                            "style": "display:flex",
                          },
                          "children": Array [
                            Object {
                              "attribs": Object {
                                "class": "i-form-label false false",
                                "style": "width:auto;text-align:right",
                                "title": "姓名",
                              },
                              "children": Array [
                                Object {
                                  "data": "姓名",
                                  "next": null,
                                  "parent": [Circular],
                                  "prev": null,
                                  "type": "text",
                                },
                              ],
                              "name": "label",
                              "namespace": "http://www.w3.org/1999/xhtml",
                              "next": null,
                              "parent": [Circular],
                              "prev": null,
                              "type": "tag",
                              "x-attribsNamespace": Object {
                                "class": undefined,
                                "style": undefined,
                                "title": undefined,
                              },
                              "x-attribsPrefix": Object {
                                "class": undefined,
                                "style": undefined,
                                "title": undefined,
                              },
                            },
                          ],
                          "name": "div",
                          "namespace": "http://www.w3.org/1999/xhtml",
                          "next": Object {
                            "attribs": Object {
                              "class": "i-form-item",
                            },
                            "children": Array [
                              Object {
                                "attribs": Object {
                                  "class": "i-form-item ",
                                },
                                "children": Array [
                                  Object {
                                    "attribs": Object {
                                      "class": "ant-input",
                                      "duplexer": "",
                                      "type": "text",
                                      "value": "",
                                    },
                                    "children": Array [],
                                    "name": "input",
                                    "namespace": "http://www.w3.org/1999/xhtml",
                                    "next": null,
                                    "parent": [Circular],
                                    "prev": null,
                                    "type": "tag",
                                    "x-attribsNamespace": Object {
                                      "class": undefined,
                                      "duplexer": undefined,
                                      "type": undefined,
                                      "value": undefined,
                                    },
                                    "x-attribsPrefix": Object {
                                      "class": undefined,
                                      "duplexer": undefined,
                                      "type": undefined,
                                      "value": undefined,
                                    },
                                  },
                                ],
                                "name": "div",
                                "namespace": "http://www.w3.org/1999/xhtml",
                                "next": null,
                                "parent": [Circular],
                                "prev": null,
                                "type": "tag",
                                "x-attribsNamespace": Object {
                                  "class": undefined,
                                },
                                "x-attribsPrefix": Object {
                                  "class": undefined,
                                },
                              },
                            ],
                            "name": "div",
                            "namespace": "http://www.w3.org/1999/xhtml",
                            "next": null,
                            "parent": [Circular],
                            "prev": [Circular],
                            "type": "tag",
                            "x-attribsNamespace": Object {
                              "class": undefined,
                            },
                            "x-attribsPrefix": Object {
                              "class": undefined,
                            },
                          },
                          "parent": [Circular],
                          "prev": null,
                          "type": "tag",
                          "x-attribsNamespace": Object {
                            "style": undefined,
                          },
                          "x-attribsPrefix": Object {
                            "style": undefined,
                          },
                        },
                        Object {
                          "attribs": Object {
                            "class": "i-form-item",
                          },
                          "children": Array [
                            Object {
                              "attribs": Object {
                                "class": "i-form-item ",
                              },
                              "children": Array [
                                Object {
                                  "attribs": Object {
                                    "class": "ant-input",
                                    "duplexer": "",
                                    "type": "text",
                                    "value": "",
                                  },
                                  "children": Array [],
                                  "name": "input",
                                  "namespace": "http://www.w3.org/1999/xhtml",
                                  "next": null,
                                  "parent": [Circular],
                                  "prev": null,
                                  "type": "tag",
                                  "x-attribsNamespace": Object {
                                    "class": undefined,
                                    "duplexer": undefined,
                                    "type": undefined,
                                    "value": undefined,
                                  },
                                  "x-attribsPrefix": Object {
                                    "class": undefined,
                                    "duplexer": undefined,
                                    "type": undefined,
                                    "value": undefined,
                                  },
                                },
                              ],
                              "name": "div",
                              "namespace": "http://www.w3.org/1999/xhtml",
                              "next": null,
                              "parent": [Circular],
                              "prev": null,
                              "type": "tag",
                              "x-attribsNamespace": Object {
                                "class": undefined,
                              },
                              "x-attribsPrefix": Object {
                                "class": undefined,
                              },
                            },
                          ],
                          "name": "div",
                          "namespace": "http://www.w3.org/1999/xhtml",
                          "next": null,
                          "parent": [Circular],
                          "prev": Object {
                            "attribs": Object {
                              "style": "display:flex",
                            },
                            "children": Array [
                              Object {
                                "attribs": Object {
                                  "class": "i-form-label false false",
                                  "style": "width:auto;text-align:right",
                                  "title": "姓名",
                                },
                                "children": Array [
                                  Object {
                                    "data": "姓名",
                                    "next": null,
                                    "parent": [Circular],
                                    "prev": null,
                                    "type": "text",
                                  },
                                ],
                                "name": "label",
                                "namespace": "http://www.w3.org/1999/xhtml",
                                "next": null,
                                "parent": [Circular],
                                "prev": null,
                                "type": "tag",
                                "x-attribsNamespace": Object {
                                  "class": undefined,
                                  "style": undefined,
                                  "title": undefined,
                                },
                                "x-attribsPrefix": Object {
                                  "class": undefined,
                                  "style": undefined,
                                  "title": undefined,
                                },
                              },
                            ],
                            "name": "div",
                            "namespace": "http://www.w3.org/1999/xhtml",
                            "next": [Circular],
                            "parent": [Circular],
                            "prev": null,
                            "type": "tag",
                            "x-attribsNamespace": Object {
                              "style": undefined,
                            },
                            "x-attribsPrefix": Object {
                              "style": undefined,
                            },
                          },
                          "type": "tag",
                          "x-attribsNamespace": Object {
                            "class": undefined,
                          },
                          "x-attribsPrefix": Object {
                            "class": undefined,
                          },
                        },
                      ],
                      "name": "div",
                      "namespace": "http://www.w3.org/1999/xhtml",
                      "next": null,
                      "parent": [Circular],
                      "prev": null,
                      "type": "tag",
                      "x-attribsNamespace": Object {
                        "rules": undefined,
                        "style": undefined,
                      },
                      "x-attribsPrefix": Object {
                        "rules": undefined,
                        "style": undefined,
                      },
                    },
                  ],
                  "name": "div",
                  "namespace": "http://www.w3.org/1999/xhtml",
                  "next": null,
                  "parent": [Circular],
                  "prev": null,
                  "type": "tag",
                  "x-attribsNamespace": Object {
                    "class": undefined,
                    "style": undefined,
                  },
                  "x-attribsPrefix": Object {
                    "class": undefined,
                    "style": undefined,
                  },
                },
              ],
              "name": "div",
              "namespace": "http://www.w3.org/1999/xhtml",
              "next": [Circular],
              "parent": [Circular],
              "prev": null,
              "type": "tag",
              "x-attribsNamespace": Object {
                "style": undefined,
              },
              "x-attribsPrefix": Object {
                "style": undefined,
              },
            },
            "type": "tag",
            "x-attribsNamespace": Object {
              "style": undefined,
            },
            "x-attribsPrefix": Object {
              "style": undefined,
            },
          },
        ],
        "name": "div",
        "namespace": "http://www.w3.org/1999/xhtml",
        "next": null,
        "parent": [Circular],
        "prev": null,
        "type": "tag",
        "x-attribsNamespace": Object {
          "class": undefined,
          "style": undefined,
        },
        "x-attribsPrefix": Object {
          "class": undefined,
          "style": undefined,
        },
      },
    ],
    "name": "div",
    "namespace": "http://www.w3.org/1999/xhtml",
    "next": null,
    "parent": null,
    "prev": null,
    "root": Object {
      "attribs": Object {},
      "children": Array [
        [Circular],
      ],
      "name": "root",
      "namespace": "http://www.w3.org/1999/xhtml",
      "next": null,
      "parent": null,
      "prev": null,
      "type": "root",
      "x-attribsNamespace": Object {},
      "x-attribsPrefix": Object {},
    },
    "type": "tag",
    "x-attribsNamespace": Object {},
    "x-attribsPrefix": Object {},
  },
  "_root": [Circular],
  "length": 1,
  "options": Object {
    "decodeEntities": true,
    "normalizeWhitespace": false,
    "withDomLvl1": true,
    "xml": false,
  },
}
`;
